* INTELIB_CONTRIBUTED
* Written by Igor Bronstein (<igor.bronstein_AT_intelib.org>)

$EXTERN PrintErrors;
$EXTERN Generate;

$ENTRY CheckLinker {
  (ErrorsList '=' ()) t.Directives e.Files =
	<Generate t.Directives e.Files>;
  (ErrorsList '=' (e.ErrorsList)) t.Directives e.Files =
	<PrintErrors LinkerErrors e.ErrorsList>;
  e.Foo = <Prout 'Bug in "CheckLinker" function. View field: ' e.Foo>;
}
