* INTELIB_CONTRIBUTED
* Written by Igor Bronstein (<igor.bronstein_AT_gmail.com>)

$EXTERN PrintErrors;

$ENTRY CheckSyntax {
  () = ();
  (t.FileName (ErrorsList '=' ()) e.FileCont) =
	(t.FileName e.FileCont);
  (t.FileName (ErrorsList '=' (e.ErrorsList)) e.FileCont) = 
	<PrintErrors (FileName '=' t.FileName) e.ErrorsList> ();
  e.Foo = <Prout 'Bug in "CheckSyntax" function. View field: ' e.Foo>;
}
