* INTELIB_CONTRIBUTED
* Written by Igor Bronstein (<igor.bronstein_AT_gmail.com>)

$EXTERN PrintErrors;

$ENTRY CheckLexical {
  (t.FileName e.FileCont (ErrorsList '=' ())) =
	(t.FileName (ErrorsList '=' ()) e.FileCont);
  (t.FileName e.FileCont (ErrorsList '=' (e.ErrorsList))) =
	<PrintErrors (FileName '=' t.FileName) e.ErrorsList> ();
  e.Foo = <Prout 'Bug in "CheckLexical" function. View field: ' e.Foo>;
}
